// Jest Snapshot v1, https://goo.gl/fbAQLP

exports[`Finished Games should render with given state from Redux store 1`] = `
<div
  className="container"
>
  <div
    className="row"
  >
    <div
      className="col"
    >
      <table
        className="table"
        style={
          Object {
            "marginTop": "40px",
          }
        }
      >
        <thead>
          <tr>
            <th>
              Start Time
            </th>
            <th>
              End Time
            </th>
            <th>
              Difficulty
            </th>
            <th>
              Total time spent
            </th>
            <th>
              Status
            </th>
          </tr>
        </thead>
        <tbody>
          <tr>
            <th
              scope="row"
            >
              01-25-2021 02:28 pm
            </th>
            <td>
              01-25-2021 02:28 pm
            </td>
            <td>
              Kinder
            </td>
            <td>
              8 secs
            </td>
            <td>
              Lost
            </td>
          </tr>
          <tr>
            <th
              scope="row"
            >
              01-25-2021 02:28 pm
            </th>
            <td>
              01-25-2021 02:28 pm
            </td>
            <td>
              Kinder
            </td>
            <td>
              8 secs
            </td>
            <td>
              Won
            </td>
          </tr>
        </tbody>
      </table>
    </div>
  </div>
</div>
`;
